
Allocating common symbols
Common symbol       size              file

bss_var             0x3               main.o

Memory Configuration

Name             Origin             Length             Attributes
flash            0x08000000         0x00020000         xr
sram             0x20000000         0x00005000         xrw
*default*        0x00000000         0xffffffff

Linker script and memory map


.text           0x08000000      0x137
 *(.vectors*)
 .vectors       0x08000000       0x1c startup.o
                0x08000000                vectors
 *(.text*)
 .text          0x0800001c       0x80 main.o
                0x0800001c                main
 .text          0x0800009c       0x98 startup.o
                0x0800009c                H_Fault_Handler
                0x0800009c                MM_Fault_Handler
                0x0800009c                Bus_Fault
                0x0800009c                Default_Handler
                0x0800009c                Usage_Fault_Handler
                0x0800009c                NMI_Handler
                0x080000a8                Rest_Handler
 *(.rodata)
 .rodata        0x08000134        0x3 main.o
                0x08000134                const_var
                0x08000137                _E_text = .

.glue_7         0x08000138        0x0
 .glue_7        0x08000138        0x0 linker stubs

.glue_7t        0x08000138        0x0
 .glue_7t       0x08000138        0x0 linker stubs

.vfp11_veneer   0x08000138        0x0
 .vfp11_veneer  0x08000138        0x0 linker stubs

.v4_bx          0x08000138        0x0
 .v4_bx         0x08000138        0x0 linker stubs

.iplt           0x08000138        0x0
 .iplt          0x08000138        0x0 main.o

.rel.dyn        0x08000138        0x0
 .rel.iplt      0x08000138        0x0 main.o

.data           0x20000000        0x4 load address 0x08000137
                0x20000000                _S_DATA = .
 *(.data)
 .data          0x20000000        0x3 main.o
                0x20000000                g_variable
 .data          0x20000003        0x0 startup.o
                0x20000004                . = ALIGN (0x4)
 *fill*         0x20000003        0x1 
                0x20000004                _E_DATA = .

.igot.plt       0x20000004        0x0 load address 0x0800013b
 .igot.plt      0x20000004        0x0 main.o

.bss            0x20000004     0x1003 load address 0x0800013b
                0x20000004                _S_bss = .
 *(.bss*)
 .bss           0x20000004        0x0 main.o
 .bss           0x20000004        0x0 startup.o
                0x20000004                . = ALIGN (0x4)
                0x20000004                _E_bss = .
                0x20000004                . = ALIGN (0x4)
                0x20001004                . = (. + 0x1000)
 *fill*         0x20000004     0x1000 
                0x20001004                _stack_top = .
 COMMON         0x20001004        0x3 main.o
                0x20001004                bss_var
LOAD main.o
LOAD startup.o
OUTPUT(learn_in_depth_cortex_m3.elf elf32-littlearm)

.debug_info     0x00000000      0x299
 .debug_info    0x00000000      0x109 main.o
 .debug_info    0x00000109      0x190 startup.o

.debug_abbrev   0x00000000      0x160
 .debug_abbrev  0x00000000       0x8a main.o
 .debug_abbrev  0x0000008a       0xd6 startup.o

.debug_loc      0x00000000       0xb4
 .debug_loc     0x00000000       0x38 main.o
 .debug_loc     0x00000038       0x7c startup.o

.debug_aranges  0x00000000       0x40
 .debug_aranges
                0x00000000       0x20 main.o
 .debug_aranges
                0x00000020       0x20 startup.o

.debug_line     0x00000000      0x1f7
 .debug_line    0x00000000       0xf5 main.o
 .debug_line    0x000000f5      0x102 startup.o

.debug_str      0x00000000      0x1e0
 .debug_str     0x00000000      0x161 main.o
                                0x19e (size before relaxing)
 .debug_str     0x00000161       0x7f startup.o
                                0x1f4 (size before relaxing)

.comment        0x00000000       0x7e
 .comment       0x00000000       0x7e main.o
                                 0x7f (size before relaxing)
 .comment       0x0000007e       0x7f startup.o

.ARM.attributes
                0x00000000       0x33
 .ARM.attributes
                0x00000000       0x33 main.o
 .ARM.attributes
                0x00000033       0x33 startup.o

.debug_frame    0x00000000       0x7c
 .debug_frame   0x00000000       0x2c main.o
 .debug_frame   0x0000002c       0x50 startup.o
