
Allocating common symbols
Common symbol       size              file

bss_var             0x3               main.o

Memory Configuration

Name             Origin             Length             Attributes
flash            0x00000000         0x20000000         xr
sram             0x20000000         0x20000000         xrw
*default*        0x00000000         0xffffffff

Linker script and memory map


.text           0x00000000      0x12b
 *(.vectors*)
 .vectors       0x00000000       0x10 startup.o
                0x00000000                g_p_fn_Vectors
 *(.text*)
 .text          0x00000010       0x80 main.o
                0x00000010                main
 .text          0x00000090       0x98 startup.o
                0x00000090                H_Fault_Handler
                0x00000090                Default_Handler
                0x00000090                NMI_Handler
                0x0000009c                Reset_Handler
 *(.rodata)
 .rodata        0x00000128        0x3 main.o
                0x00000128                const_var
                0x0000012b                _E_text = .

.glue_7         0x0000012c        0x0
 .glue_7        0x0000012c        0x0 linker stubs

.glue_7t        0x0000012c        0x0
 .glue_7t       0x0000012c        0x0 linker stubs

.vfp11_veneer   0x0000012c        0x0
 .vfp11_veneer  0x0000012c        0x0 linker stubs

.v4_bx          0x0000012c        0x0
 .v4_bx         0x0000012c        0x0 linker stubs

.iplt           0x0000012c        0x0
 .iplt          0x0000012c        0x0 main.o

.rel.dyn        0x0000012c        0x0
 .rel.iplt      0x0000012c        0x0 main.o

.data           0x20000000        0x3 load address 0x0000012b
                0x20000000                _S_DATA = .
 *(.data)
 .data          0x20000000        0x3 main.o
                0x20000000                g_variable
 .data          0x20000003        0x0 startup.o
                0x20000003                _E_DATA = .

.igot.plt       0x20000004        0x0 load address 0x0000012e
 .igot.plt      0x20000004        0x0 main.o

.bss            0x20000004      0x403 load address 0x0000012e
                0x20000004                _S_bss = .
 *(.bss*)
 .bss           0x20000004        0x0 main.o
 .bss           0x20000004      0x400 startup.o
                0x20000404                _E_bss = .
 COMMON         0x20000404        0x3 main.o
                0x20000404                bss_var
LOAD main.o
LOAD startup.o
OUTPUT(unit3_lab4_cortexM4.elf elf32-littlearm)

.debug_info     0x00000000      0x2bb
 .debug_info    0x00000000      0x109 main.o
 .debug_info    0x00000109      0x1b2 startup.o

.debug_abbrev   0x00000000      0x166
 .debug_abbrev  0x00000000       0x8a main.o
 .debug_abbrev  0x0000008a       0xdc startup.o

.debug_loc      0x00000000       0xb4
 .debug_loc     0x00000000       0x38 main.o
 .debug_loc     0x00000038       0x7c startup.o

.debug_aranges  0x00000000       0x40
 .debug_aranges
                0x00000000       0x20 main.o
 .debug_aranges
                0x00000020       0x20 startup.o

.debug_line     0x00000000      0x15e
 .debug_line    0x00000000       0xf5 main.o
 .debug_line    0x000000f5       0x69 startup.o

.debug_str      0x00000000      0x1f5
 .debug_str     0x00000000      0x164 main.o
                                0x1a1 (size before relaxing)
 .debug_str     0x00000164       0x91 startup.o
                                0x1f5 (size before relaxing)

.comment        0x00000000       0x7e
 .comment       0x00000000       0x7e main.o
                                 0x7f (size before relaxing)
 .comment       0x0000007e       0x7f startup.o

.ARM.attributes
                0x00000000       0x33
 .ARM.attributes
                0x00000000       0x33 main.o
 .ARM.attributes
                0x00000033       0x33 startup.o

.debug_frame    0x00000000       0x7c
 .debug_frame   0x00000000       0x2c main.o
 .debug_frame   0x0000002c       0x50 startup.o
