
Allocating common symbols
Common symbol       size              file

bss_var             0x3               main.o

Memory Configuration

Name             Origin             Length             Attributes
flash            0x08000000         0x00020000         xr
sram             0x20000000         0x00005000         xrw
*default*        0x00000000         0xffffffff

Linker script and memory map


.text           0x08000000      0x1db
 *(.vectors*)
 .vectors       0x08000000       0x1c startup.o
                0x08000000                vectors
 .vectors       0x0800001c       0x1c startup.o
 *(.text*)
 .text          0x08000038       0x80 main.o
                0x08000038                main
 .text          0x080000b8       0x90 startup.o
                0x080000b8                Reset_Handler
                0x0800013c                MM_Fault_Handler
                0x0800013c                Bus_Fault
                0x0800013c                H_fault_Handler
                0x0800013c                Usage_Fault_Handler
                0x0800013c                Default_handler
                0x0800013c                NMI_Handler
 .text          0x08000148       0x90 startup.o
 *(.rodata)
 .rodata        0x080001d8        0x3 main.o
                0x080001d8                const_var
                0x080001db                _E_text = .

.glue_7         0x080001dc        0x0
 .glue_7        0x080001dc        0x0 linker stubs

.glue_7t        0x080001dc        0x0
 .glue_7t       0x080001dc        0x0 linker stubs

.vfp11_veneer   0x080001dc        0x0
 .vfp11_veneer  0x080001dc        0x0 linker stubs

.v4_bx          0x080001dc        0x0
 .v4_bx         0x080001dc        0x0 linker stubs

.iplt           0x080001dc        0x0
 .iplt          0x080001dc        0x0 main.o

.rel.dyn        0x080001dc        0x0
 .rel.iplt      0x080001dc        0x0 main.o

.data           0x20000000        0x4 load address 0x080001db
                0x20000000                _S_DATA = .
 *(.data)
 .data          0x20000000        0x3 main.o
                0x20000000                g_variable
 .data          0x20000003        0x0 startup.o
 .data          0x20000003        0x0 startup.o
                0x20000004                . = ALIGN (0x4)
 *fill*         0x20000003        0x1 
                0x20000004                _E_DATA = .

.igot.plt       0x20000004        0x0 load address 0x080001df
 .igot.plt      0x20000004        0x0 main.o

.bss            0x20000004     0x1003 load address 0x080001df
                0x20000004                _S_bss = .
 *(.bss)
 .bss           0x20000004        0x0 main.o
 .bss           0x20000004        0x0 startup.o
 .bss           0x20000004        0x0 startup.o
                0x20000004                . = ALIGN (0x4)
                0x20000004                _E_bss = .
                0x20000004                . = ALIGN (0x4)
                0x20001004                . = (. + 0x1000)
 *fill*         0x20000004     0x1000 
                0x20001004                _stack_top = .
 COMMON         0x20001004        0x3 main.o
                0x20001004                bss_var
LOAD main.o
LOAD startup.o
LOAD startup.o
OUTPUT(learn_in_depth_cortex_m3.elf elf32-littlearm)

.debug_info     0x00000000      0x3df
 .debug_info    0x00000000      0x109 main.o
 .debug_info    0x00000109      0x16b startup.o
 .debug_info    0x00000274      0x16b startup.o

.debug_abbrev   0x00000000      0x20a
 .debug_abbrev  0x00000000       0x8a main.o
 .debug_abbrev  0x0000008a       0xc0 startup.o
 .debug_abbrev  0x0000014a       0xc0 startup.o

.debug_loc      0x00000000      0x130
 .debug_loc     0x00000000       0x38 main.o
 .debug_loc     0x00000038       0x7c startup.o
 .debug_loc     0x000000b4       0x7c startup.o

.debug_aranges  0x00000000       0x60
 .debug_aranges
                0x00000000       0x20 main.o
 .debug_aranges
                0x00000020       0x20 startup.o
 .debug_aranges
                0x00000040       0x20 startup.o

.debug_line     0x00000000      0x2fb
 .debug_line    0x00000000       0xf5 main.o
 .debug_line    0x000000f5      0x103 startup.o
 .debug_line    0x000001f8      0x103 startup.o

.debug_str      0x00000000      0x1e1
 .debug_str     0x00000000      0x161 main.o
                                0x19e (size before relaxing)
 .debug_str     0x00000161       0x80 startup.o
                                0x1f5 (size before relaxing)
 .debug_str     0x000001e1      0x1f5 startup.o

.comment        0x00000000       0x7e
 .comment       0x00000000       0x7e main.o
                                 0x7f (size before relaxing)
 .comment       0x0000007e       0x7f startup.o
 .comment       0x0000007e       0x7f startup.o

.ARM.attributes
                0x00000000       0x33
 .ARM.attributes
                0x00000000       0x33 main.o
 .ARM.attributes
                0x00000033       0x33 startup.o
 .ARM.attributes
                0x00000066       0x33 startup.o

.debug_frame    0x00000000       0xcc
 .debug_frame   0x00000000       0x2c main.o
 .debug_frame   0x0000002c       0x50 startup.o
 .debug_frame   0x0000007c       0x50 startup.o
